// Jest Snapshot v1, https://goo.gl/fbAQLP

exports[`BannerSection should render correctly 1`] = `
Object {
  "asFragment": [Function],
  "baseElement": <body>
    <div>
      <div
        class="relative"
      >
        <img
          class="object-cover object-top overflow-hidden h-bannerSectionMobile desktop:h-bannerSectionDesktop w-full"
          data-testid="image"
          src="test.jpg"
        />
        <div
          class="absolute bottom-0 top-0 right-0 left-0 bg-gradient-to-t from-gradientOnImages to-transparent"
        />
        <span
          class="BannerSection__WelcomeText-opht63-0 dYtjim text-white font-bold text-Mobile-H1 desktop:text-H1 text-center desktop:leading-tight absolute bottom-20 desktop:bottom-40 left-10vw right-10vw"
          data-testid="text"
        >
          L’écoguide numérique et local qui présente mes découvertes du territoire !
        </span>
      </div>
    </div>
  </body>,
  "container": <div>
    <div
      class="relative"
    >
      <img
        class="object-cover object-top overflow-hidden h-bannerSectionMobile desktop:h-bannerSectionDesktop w-full"
        data-testid="image"
        src="test.jpg"
      />
      <div
        class="absolute bottom-0 top-0 right-0 left-0 bg-gradient-to-t from-gradientOnImages to-transparent"
      />
      <span
        class="BannerSection__WelcomeText-opht63-0 dYtjim text-white font-bold text-Mobile-H1 desktop:text-H1 text-center desktop:leading-tight absolute bottom-20 desktop:bottom-40 left-10vw right-10vw"
        data-testid="text"
      >
        L’écoguide numérique et local qui présente mes découvertes du territoire !
      </span>
    </div>
  </div>,
  "debug": [Function],
  "findAllByAltText": [Function],
  "findAllByDisplayValue": [Function],
  "findAllByLabelText": [Function],
  "findAllByPlaceholderText": [Function],
  "findAllByRole": [Function],
  "findAllByTestId": [Function],
  "findAllByText": [Function],
  "findAllByTitle": [Function],
  "findByAltText": [Function],
  "findByDisplayValue": [Function],
  "findByLabelText": [Function],
  "findByPlaceholderText": [Function],
  "findByRole": [Function],
  "findByTestId": [Function],
  "findByText": [Function],
  "findByTitle": [Function],
  "getAllByAltText": [Function],
  "getAllByDisplayValue": [Function],
  "getAllByLabelText": [Function],
  "getAllByPlaceholderText": [Function],
  "getAllByRole": [Function],
  "getAllByTestId": [Function],
  "getAllByText": [Function],
  "getAllByTitle": [Function],
  "getByAltText": [Function],
  "getByDisplayValue": [Function],
  "getByLabelText": [Function],
  "getByPlaceholderText": [Function],
  "getByRole": [Function],
  "getByTestId": [Function],
  "getByText": [Function],
  "getByTitle": [Function],
  "queryAllByAltText": [Function],
  "queryAllByDisplayValue": [Function],
  "queryAllByLabelText": [Function],
  "queryAllByPlaceholderText": [Function],
  "queryAllByRole": [Function],
  "queryAllByTestId": [Function],
  "queryAllByText": [Function],
  "queryAllByTitle": [Function],
  "queryByAltText": [Function],
  "queryByDisplayValue": [Function],
  "queryByLabelText": [Function],
  "queryByPlaceholderText": [Function],
  "queryByRole": [Function],
  "queryByTestId": [Function],
  "queryByText": [Function],
  "queryByTitle": [Function],
  "rerender": [Function],
  "unmount": [Function],
}
`;
