// Jest Snapshot v1, https://goo.gl/fbAQLP

exports[`DetailsCard should display a well parsed description Element 1`] = `
Object {
  "asFragment": [Function],
  "baseElement": <body>
    <div>
      <div
        class="mx-1 w-60 desktop:w-auto flex-none border-greySoft border border-solid rounded-2xl overflow-hidden flex flex-col desktop:flex-row desktop:mb-6 hover:shadow-sm transition-all"
      >
        <div
          class="relative flex-none desktop:w-2/5"
        >
          <img
            class="h-50 w-60 desktop:w-full desktop:h-full object-cover object-center bg-greySoft"
            src="https://cdn.pixabay.com/photo/2017/06/29/18/40/background-2455710_1280.jpg"
          />
          <img
            class="absolute top-4 left-4 h-8 w-8 rounded-full shadow-sm object-cover object-center"
            src="https://geotrekdemo.ecrins-parcnational.fr/media/upload/poi-fauna.png"
          />
        </div>
        <div
          class="flex flex-col
        p-2 desktop:pl-6 desktop:pr-8 desktop:py-15"
        >
          <p
            class="text-Mobile-C1 desktop:text-H4 text-primary1 font-bold"
          >
            Église St Louis
          </p>
          <div
            class="mt-1 desktop:mt-4 flex flex-col desktop:flex-row desktop:items-end text-Mobile-C2 desktop:text-P1"
          >
            <div
              class="utils__HtmlText-sc-16l79i-0 DetailsCard__TruncatedHtmlText-sc-1paweiv-0 eKOoYs dmpejm"
            >
              <span>
                Pour espérer apercevoir cet oiseau, partir la nuit au printemps, parcourir un grand dénivelé afin d'arriver sur son terrain de prédilection à plus de 2000 m voire 3000 m d'altitude avant le lever du jour et là, entendre le chant guttural caractéristique qui trahit sa présence. Mais pour le voir, il faudra bien ouvrir les yeux ou se munir d'une paire de jumelles. Et alors là, quel bonheur ! Le lagopède alpin est l'espèce arctique par excellence, menacée entre autre par le réchauffement climatique. Il fait partie des espèces à protéger dans le cœur du Parc national des Ecrins.
              </span>
            </div>
            <span
              class="text-primary1 underline cursor-pointer flex-shrink-0 desktop:ml-1"
            >
              lire la suite
            </span>
          </div>
        </div>
      </div>
    </div>
  </body>,
  "container": <div>
    <div
      class="mx-1 w-60 desktop:w-auto flex-none border-greySoft border border-solid rounded-2xl overflow-hidden flex flex-col desktop:flex-row desktop:mb-6 hover:shadow-sm transition-all"
    >
      <div
        class="relative flex-none desktop:w-2/5"
      >
        <img
          class="h-50 w-60 desktop:w-full desktop:h-full object-cover object-center bg-greySoft"
          src="https://cdn.pixabay.com/photo/2017/06/29/18/40/background-2455710_1280.jpg"
        />
        <img
          class="absolute top-4 left-4 h-8 w-8 rounded-full shadow-sm object-cover object-center"
          src="https://geotrekdemo.ecrins-parcnational.fr/media/upload/poi-fauna.png"
        />
      </div>
      <div
        class="flex flex-col
        p-2 desktop:pl-6 desktop:pr-8 desktop:py-15"
      >
        <p
          class="text-Mobile-C1 desktop:text-H4 text-primary1 font-bold"
        >
          Église St Louis
        </p>
        <div
          class="mt-1 desktop:mt-4 flex flex-col desktop:flex-row desktop:items-end text-Mobile-C2 desktop:text-P1"
        >
          <div
            class="utils__HtmlText-sc-16l79i-0 DetailsCard__TruncatedHtmlText-sc-1paweiv-0 eKOoYs dmpejm"
          >
            <span>
              Pour espérer apercevoir cet oiseau, partir la nuit au printemps, parcourir un grand dénivelé afin d'arriver sur son terrain de prédilection à plus de 2000 m voire 3000 m d'altitude avant le lever du jour et là, entendre le chant guttural caractéristique qui trahit sa présence. Mais pour le voir, il faudra bien ouvrir les yeux ou se munir d'une paire de jumelles. Et alors là, quel bonheur ! Le lagopède alpin est l'espèce arctique par excellence, menacée entre autre par le réchauffement climatique. Il fait partie des espèces à protéger dans le cœur du Parc national des Ecrins.
            </span>
          </div>
          <span
            class="text-primary1 underline cursor-pointer flex-shrink-0 desktop:ml-1"
          >
            lire la suite
          </span>
        </div>
      </div>
    </div>
  </div>,
  "debug": [Function],
  "findAllByAltText": [Function],
  "findAllByDisplayValue": [Function],
  "findAllByLabelText": [Function],
  "findAllByPlaceholderText": [Function],
  "findAllByRole": [Function],
  "findAllByTestId": [Function],
  "findAllByText": [Function],
  "findAllByTitle": [Function],
  "findByAltText": [Function],
  "findByDisplayValue": [Function],
  "findByLabelText": [Function],
  "findByPlaceholderText": [Function],
  "findByRole": [Function],
  "findByTestId": [Function],
  "findByText": [Function],
  "findByTitle": [Function],
  "getAllByAltText": [Function],
  "getAllByDisplayValue": [Function],
  "getAllByLabelText": [Function],
  "getAllByPlaceholderText": [Function],
  "getAllByRole": [Function],
  "getAllByTestId": [Function],
  "getAllByText": [Function],
  "getAllByTitle": [Function],
  "getByAltText": [Function],
  "getByDisplayValue": [Function],
  "getByLabelText": [Function],
  "getByPlaceholderText": [Function],
  "getByRole": [Function],
  "getByTestId": [Function],
  "getByText": [Function],
  "getByTitle": [Function],
  "queryAllByAltText": [Function],
  "queryAllByDisplayValue": [Function],
  "queryAllByLabelText": [Function],
  "queryAllByPlaceholderText": [Function],
  "queryAllByRole": [Function],
  "queryAllByTestId": [Function],
  "queryAllByText": [Function],
  "queryAllByTitle": [Function],
  "queryByAltText": [Function],
  "queryByDisplayValue": [Function],
  "queryByLabelText": [Function],
  "queryByPlaceholderText": [Function],
  "queryByRole": [Function],
  "queryByTestId": [Function],
  "queryByText": [Function],
  "queryByTitle": [Function],
  "rerender": [Function],
  "unmount": [Function],
}
`;
