// Jest Snapshot v1, https://goo.gl/fbAQLP

exports[`DetailsCard should display a well parsed description Element 1`] = `
Object {
  "asFragment": [Function],
  "baseElement": <body>
    <div>
      <li
        class="custo-result-card relative border border-solid border-greySoft rounded-lg flex-none desktop:w-auto mx-1 desktop:mb-6 overflow-hidden hover:border-blackSemiTransparent transition-all duration-500"
      >
        <div
          class="relative overflow-hidden desktop:w-auto h-fit desktop:flex-row transition-all duration-500 desktop:h-55"
        >
          <div
            class="flex shrink-0 h-40 desktop:float-left desktop:min-h-55 desktop:h-full desktop:w-2/5 pr-2 desktop:pr-6"
          >
            <div
              class="w-full"
            >
              <div
                class="relative bg-dark h-full"
              >
                <div
                  class="flex items-center justify-center size-full"
                >
                  <div
                    class="size-full"
                  >
                    <span
                      class="relative h-coverDetailsMobile desktop:h-coverDetailsDesktop"
                    >
                      <figure
                        aria-labelledby=":r2:"
                        class="relative "
                        id="details_cover_image"
                        role="figure"
                      >
                        <img
                          alt="Lorem ipsum"
                          class="overflow-hidden size-full object-cover object-center"
                          id=":r3:"
                          loading="lazy"
                          src="https://cdn.pixabay.com/photo/2017/06/29/18/40/background-2455710_400.jpg"
                        />
                        <figcaption
                          id=":r2:"
                        >
                          <span
                            class="w-full h-12 desktop:h-40
  absolute top-0 flex items-start justify-center
  pb-1 pt-3 px-2
  bg-gradient-to-b from-blackSemiTransparent to-transparent
  text-white text-opacity-90 text-Mobile-C3 desktop:text-P2"
                          >
                            <span
                              class="mx-10percent px-10percent truncate"
                            >
                              Lorem ipsum - Lorem ipsum
                            </span>
                          </span>
                          <button
                            aria-describedby=":r3:"
                            class="absolute inset-0 size-full"
                            type="button"
                          >
                            <span
                              class="sr-only"
                            >
                              Voir l'image en plein écran
                            </span>
                          </button>
                        </figcaption>
                      </figure>
                    </span>
                  </div>
                </div>
              </div>
              <div
                class="sc-bcXHqe fomtNX absolute top-4 left-4 h-8 flex items-center rounded-full shadow-sm text-white border-2 border-white border-solid overflow-hidden bg-primary1"
              >
                <div
                  class="pr-3 whitespace-nowrap"
                >
                  Randonnée pédestre
                </div>
              </div>
            </div>
          </div>
          <div
            class="p-2 desktop:p-6"
          >
            <h3
              class="mb-1 text-Mobile-C1 desktop:text-H4 text-primary1 font-bold"
            >
              Église St Louis
            </h3>
            <div
              class="sc-jrcTuL corOBt custo-result-card-description text-greyDarkColored"
            >
              <span>
                Pour espérer apercevoir cet oiseau, partir la nuit au printemps, parcourir un grand dénivelé afin d'arriver sur son terrain de prédilection à plus de 2000 m voire 3000 m d'altitude avant le lever du jour et là, entendre le chant guttural caractéristique qui trahit sa présence. Mais pour le voir, il faudra bien ouvrir les yeux ou se munir d'une paire de jumelles. Et alors là, quel bonheur ! Le lagopède alpin est l'espèce arctique par excellence, menacée entre autre par le réchauffement climatique. Il fait partie des espèces à protéger dans le cœur du Parc national des Ecrins.
              </span>
            </div>
          </div>
        </div>
      </li>
    </div>
    <div>
      <li
        class="custo-result-card relative border border-solid border-greySoft rounded-lg flex-none desktop:w-auto mx-1 desktop:mb-6 overflow-hidden hover:border-blackSemiTransparent transition-all duration-500"
      >
        <div
          class="relative overflow-hidden desktop:w-auto h-fit desktop:flex-row transition-all duration-500 desktop:h-55"
        >
          <div
            class="flex shrink-0 h-40 desktop:float-left desktop:min-h-55 desktop:h-full desktop:w-2/5 pr-2 desktop:pr-6"
          >
            <div
              class="w-full"
            >
              <div
                class="relative bg-dark h-full"
              >
                <div
                  class="flex items-center justify-center size-full"
                >
                  <div
                    class="size-full"
                  >
                    <div
                      class="slick-slider sc-gswNZR bnUQbR relative h-coverDetailsMobile desktop:h-coverDetailsDesktop slick-initialized"
                      dir="ltr"
                    >
                      <button
                        class="sc-dkrFOg sc-eDvSVe sc-ftTHYK jejjzI cLyatx dVnNOE slick-arrow slick-prev"
                        type="button"
                      />
                      <div
                        class="slick-list"
                      >
                        <div
                          class="slick-track"
                          style="opacity: 1; transform: translate3d(0px, 0px, 0px);"
                        >
                          <div
                            aria-hidden="true"
                            class="slick-slide slick-cloned"
                            data-index="-1"
                            style="width: 0px;"
                            tabindex="-1"
                          />
                          <div
                            aria-hidden="false"
                            class="slick-slide slick-active slick-current"
                            data-index="0"
                            style="outline: none; width: 0px;"
                            tabindex="-1"
                          >
                            <div>
                              <figure
                                aria-labelledby=":r6:"
                                class="relative "
                                id="details_cover_image"
                                role="figure"
                              >
                                <img
                                  alt="Lorem ipsum"
                                  class="overflow-hidden size-full object-cover object-center"
                                  id=":r7:"
                                  loading="lazy"
                                  src="https://cdn.pixabay.com/photo/2017/06/29/18/40/background-2455710_400.jpg"
                                />
                                <figcaption
                                  id=":r6:"
                                >
                                  <span
                                    class="w-full h-12 desktop:h-40
  absolute top-0 flex items-start justify-center
  pb-1 pt-3 px-2
  bg-gradient-to-b from-blackSemiTransparent to-transparent
  text-white text-opacity-90 text-Mobile-C3 desktop:text-P2"
                                  >
                                    <span
                                      class="mx-10percent px-10percent truncate"
                                    >
                                      Lorem ipsum - Lorem ipsum
                                    </span>
                                  </span>
                                  <button
                                    aria-describedby=":r7:"
                                    class="absolute inset-0 size-full"
                                    type="button"
                                  >
                                    <span
                                      class="sr-only"
                                    >
                                      Voir l'image en plein écran
                                    </span>
                                  </button>
                                </figcaption>
                              </figure>
                            </div>
                          </div>
                          <div
                            aria-hidden="true"
                            class="slick-slide"
                            data-index="1"
                            style="outline: none; width: 0px;"
                            tabindex="-1"
                          />
                          <div
                            aria-hidden="true"
                            class="slick-slide slick-cloned"
                            data-index="2"
                            style="width: 0px;"
                            tabindex="-1"
                          >
                            <div>
                              <figure
                                aria-labelledby=":r8:"
                                class="relative "
                                id="details_cover_image"
                                role="figure"
                              >
                                <img
                                  alt="Lorem ipsum"
                                  class="overflow-hidden size-full object-cover object-center"
                                  id=":r9:"
                                  loading="lazy"
                                  src="https://cdn.pixabay.com/photo/2017/06/29/18/40/background-2455710_400.jpg"
                                />
                                <figcaption
                                  id=":r8:"
                                >
                                  <span
                                    class="w-full h-12 desktop:h-40
  absolute top-0 flex items-start justify-center
  pb-1 pt-3 px-2
  bg-gradient-to-b from-blackSemiTransparent to-transparent
  text-white text-opacity-90 text-Mobile-C3 desktop:text-P2"
                                  >
                                    <span
                                      class="mx-10percent px-10percent truncate"
                                    >
                                      Lorem ipsum - Lorem ipsum
                                    </span>
                                  </span>
                                  <button
                                    aria-describedby=":r9:"
                                    class="absolute inset-0 size-full"
                                    type="button"
                                  >
                                    <span
                                      class="sr-only"
                                    >
                                      Voir l'image en plein écran
                                    </span>
                                  </button>
                                </figcaption>
                              </figure>
                            </div>
                          </div>
                          <div
                            aria-hidden="true"
                            class="slick-slide slick-cloned"
                            data-index="3"
                            style="width: 0px;"
                            tabindex="-1"
                          />
                        </div>
                      </div>
                      <button
                        class="sc-dkrFOg sc-eDvSVe sc-iBYQkv jejjzI cLyatx fnuqjJ slick-arrow slick-next"
                        type="button"
                      />
                      <div
                        class="sc-pyfCe ewrumL slick-dots"
                      >
                        <ul>
                          <li
                            class="slick-active"
                          >
                            <button>
                              1
                            </button>
                          </li>
                          <li
                            class=""
                          >
                            <button>
                              2
                            </button>
                          </li>
                        </ul>
                      </div>
                    </div>
                  </div>
                </div>
              </div>
              <div
                class="sc-bcXHqe fomtNX absolute top-4 left-4 h-8 flex items-center rounded-full shadow-sm text-white border-2 border-white border-solid overflow-hidden bg-primary1"
              >
                <div
                  class="pr-3 whitespace-nowrap"
                >
                  Randonnée pédestre
                </div>
              </div>
            </div>
          </div>
          <div
            class="p-2 desktop:p-6"
          >
            <h3
              class="mb-1 text-Mobile-C1 desktop:text-H4 text-primary1 font-bold"
            >
              Église St Louis
            </h3>
            <div
              class="sc-jrcTuL corOBt custo-result-card-description text-greyDarkColored"
            >
              <span>
                Pour espérer apercevoir cet oiseau, partir la nuit au printemps, parcourir un grand dénivelé afin d'arriver sur son terrain de prédilection à plus de 2000 m voire 3000 m d'altitude avant le lever du jour et là, entendre le chant guttural caractéristique qui trahit sa présence. Mais pour le voir, il faudra bien ouvrir les yeux ou se munir d'une paire de jumelles. Et alors là, quel bonheur ! Le lagopède alpin est l'espèce arctique par excellence, menacée entre autre par le réchauffement climatique. Il fait partie des espèces à protéger dans le cœur du Parc national des Ecrins.
              </span>
            </div>
          </div>
        </div>
      </li>
    </div>
  </body>,
  "container": <div>
    <li
      class="custo-result-card relative border border-solid border-greySoft rounded-lg flex-none desktop:w-auto mx-1 desktop:mb-6 overflow-hidden hover:border-blackSemiTransparent transition-all duration-500"
    >
      <div
        class="relative overflow-hidden desktop:w-auto h-fit desktop:flex-row transition-all duration-500 desktop:h-55"
      >
        <div
          class="flex shrink-0 h-40 desktop:float-left desktop:min-h-55 desktop:h-full desktop:w-2/5 pr-2 desktop:pr-6"
        >
          <div
            class="w-full"
          >
            <div
              class="relative bg-dark h-full"
            >
              <div
                class="flex items-center justify-center size-full"
              >
                <div
                  class="size-full"
                >
                  <span
                    class="relative h-coverDetailsMobile desktop:h-coverDetailsDesktop"
                  >
                    <figure
                      aria-labelledby=":r2:"
                      class="relative "
                      id="details_cover_image"
                      role="figure"
                    >
                      <img
                        alt="Lorem ipsum"
                        class="overflow-hidden size-full object-cover object-center"
                        id=":r3:"
                        loading="lazy"
                        src="https://cdn.pixabay.com/photo/2017/06/29/18/40/background-2455710_400.jpg"
                      />
                      <figcaption
                        id=":r2:"
                      >
                        <span
                          class="w-full h-12 desktop:h-40
  absolute top-0 flex items-start justify-center
  pb-1 pt-3 px-2
  bg-gradient-to-b from-blackSemiTransparent to-transparent
  text-white text-opacity-90 text-Mobile-C3 desktop:text-P2"
                        >
                          <span
                            class="mx-10percent px-10percent truncate"
                          >
                            Lorem ipsum - Lorem ipsum
                          </span>
                        </span>
                        <button
                          aria-describedby=":r3:"
                          class="absolute inset-0 size-full"
                          type="button"
                        >
                          <span
                            class="sr-only"
                          >
                            Voir l'image en plein écran
                          </span>
                        </button>
                      </figcaption>
                    </figure>
                  </span>
                </div>
              </div>
            </div>
            <div
              class="sc-bcXHqe fomtNX absolute top-4 left-4 h-8 flex items-center rounded-full shadow-sm text-white border-2 border-white border-solid overflow-hidden bg-primary1"
            >
              <div
                class="pr-3 whitespace-nowrap"
              >
                Randonnée pédestre
              </div>
            </div>
          </div>
        </div>
        <div
          class="p-2 desktop:p-6"
        >
          <h3
            class="mb-1 text-Mobile-C1 desktop:text-H4 text-primary1 font-bold"
          >
            Église St Louis
          </h3>
          <div
            class="sc-jrcTuL corOBt custo-result-card-description text-greyDarkColored"
          >
            <span>
              Pour espérer apercevoir cet oiseau, partir la nuit au printemps, parcourir un grand dénivelé afin d'arriver sur son terrain de prédilection à plus de 2000 m voire 3000 m d'altitude avant le lever du jour et là, entendre le chant guttural caractéristique qui trahit sa présence. Mais pour le voir, il faudra bien ouvrir les yeux ou se munir d'une paire de jumelles. Et alors là, quel bonheur ! Le lagopède alpin est l'espèce arctique par excellence, menacée entre autre par le réchauffement climatique. Il fait partie des espèces à protéger dans le cœur du Parc national des Ecrins.
            </span>
          </div>
        </div>
      </div>
    </li>
  </div>,
  "debug": [Function],
  "findAllByAltText": [Function],
  "findAllByDisplayValue": [Function],
  "findAllByLabelText": [Function],
  "findAllByPlaceholderText": [Function],
  "findAllByRole": [Function],
  "findAllByTestId": [Function],
  "findAllByText": [Function],
  "findAllByTitle": [Function],
  "findByAltText": [Function],
  "findByDisplayValue": [Function],
  "findByLabelText": [Function],
  "findByPlaceholderText": [Function],
  "findByRole": [Function],
  "findByTestId": [Function],
  "findByText": [Function],
  "findByTitle": [Function],
  "getAllByAltText": [Function],
  "getAllByDisplayValue": [Function],
  "getAllByLabelText": [Function],
  "getAllByPlaceholderText": [Function],
  "getAllByRole": [Function],
  "getAllByTestId": [Function],
  "getAllByText": [Function],
  "getAllByTitle": [Function],
  "getByAltText": [Function],
  "getByDisplayValue": [Function],
  "getByLabelText": [Function],
  "getByPlaceholderText": [Function],
  "getByRole": [Function],
  "getByTestId": [Function],
  "getByText": [Function],
  "getByTitle": [Function],
  "queryAllByAltText": [Function],
  "queryAllByDisplayValue": [Function],
  "queryAllByLabelText": [Function],
  "queryAllByPlaceholderText": [Function],
  "queryAllByRole": [Function],
  "queryAllByTestId": [Function],
  "queryAllByText": [Function],
  "queryAllByTitle": [Function],
  "queryByAltText": [Function],
  "queryByDisplayValue": [Function],
  "queryByLabelText": [Function],
  "queryByPlaceholderText": [Function],
  "queryByRole": [Function],
  "queryByTestId": [Function],
  "queryByText": [Function],
  "queryByTitle": [Function],
  "rerender": [Function],
  "unmount": [Function],
}
`;

exports[`DetailsCard should display a well parsed description Element 2`] = `
Object {
  "asFragment": [Function],
  "baseElement": <body>
    <div>
      <li
        class="custo-result-card relative border border-solid border-greySoft rounded-lg flex-none desktop:w-auto mx-1 desktop:mb-6 overflow-hidden hover:border-blackSemiTransparent transition-all duration-500"
      >
        <div
          class="relative overflow-hidden desktop:w-auto h-fit desktop:flex-row transition-all duration-500 desktop:h-55"
        >
          <div
            class="flex shrink-0 h-40 desktop:float-left desktop:min-h-55 desktop:h-full desktop:w-2/5 pr-2 desktop:pr-6"
          >
            <div
              class="w-full"
            >
              <div
                class="relative bg-dark h-full"
              >
                <div
                  class="flex items-center justify-center size-full"
                >
                  <div
                    class="size-full"
                  >
                    <span
                      class="relative h-coverDetailsMobile desktop:h-coverDetailsDesktop"
                    >
                      <figure
                        aria-labelledby=":r2:"
                        class="relative "
                        id="details_cover_image"
                        role="figure"
                      >
                        <img
                          alt="Lorem ipsum"
                          class="overflow-hidden size-full object-cover object-center"
                          id=":r3:"
                          loading="lazy"
                          src="https://cdn.pixabay.com/photo/2017/06/29/18/40/background-2455710_400.jpg"
                        />
                        <figcaption
                          id=":r2:"
                        >
                          <span
                            class="w-full h-12 desktop:h-40
  absolute top-0 flex items-start justify-center
  pb-1 pt-3 px-2
  bg-gradient-to-b from-blackSemiTransparent to-transparent
  text-white text-opacity-90 text-Mobile-C3 desktop:text-P2"
                          >
                            <span
                              class="mx-10percent px-10percent truncate"
                            >
                              Lorem ipsum - Lorem ipsum
                            </span>
                          </span>
                          <button
                            aria-describedby=":r3:"
                            class="absolute inset-0 size-full"
                            type="button"
                          >
                            <span
                              class="sr-only"
                            >
                              Voir l'image en plein écran
                            </span>
                          </button>
                        </figcaption>
                      </figure>
                    </span>
                  </div>
                </div>
              </div>
              <div
                class="sc-bcXHqe fomtNX absolute top-4 left-4 h-8 flex items-center rounded-full shadow-sm text-white border-2 border-white border-solid overflow-hidden bg-primary1"
              >
                <div
                  class="pr-3 whitespace-nowrap"
                >
                  Randonnée pédestre
                </div>
              </div>
            </div>
          </div>
          <div
            class="p-2 desktop:p-6"
          >
            <h3
              class="mb-1 text-Mobile-C1 desktop:text-H4 text-primary1 font-bold"
            >
              Église St Louis
            </h3>
            <div
              class="sc-jrcTuL corOBt custo-result-card-description text-greyDarkColored"
            >
              <span>
                Pour espérer apercevoir cet oiseau, partir la nuit au printemps, parcourir un grand dénivelé afin d'arriver sur son terrain de prédilection à plus de 2000 m voire 3000 m d'altitude avant le lever du jour et là, entendre le chant guttural caractéristique qui trahit sa présence. Mais pour le voir, il faudra bien ouvrir les yeux ou se munir d'une paire de jumelles. Et alors là, quel bonheur ! Le lagopède alpin est l'espèce arctique par excellence, menacée entre autre par le réchauffement climatique. Il fait partie des espèces à protéger dans le cœur du Parc national des Ecrins.
              </span>
            </div>
          </div>
        </div>
      </li>
    </div>
    <div>
      <li
        class="custo-result-card relative border border-solid border-greySoft rounded-lg flex-none desktop:w-auto mx-1 desktop:mb-6 overflow-hidden hover:border-blackSemiTransparent transition-all duration-500"
      >
        <div
          class="relative overflow-hidden desktop:w-auto h-fit desktop:flex-row transition-all duration-500 desktop:h-55"
        >
          <div
            class="flex shrink-0 h-40 desktop:float-left desktop:min-h-55 desktop:h-full desktop:w-2/5 pr-2 desktop:pr-6"
          >
            <div
              class="w-full"
            >
              <div
                class="relative bg-dark h-full"
              >
                <div
                  class="flex items-center justify-center size-full"
                >
                  <div
                    class="size-full"
                  >
                    <div
                      class="slick-slider sc-gswNZR bnUQbR relative h-coverDetailsMobile desktop:h-coverDetailsDesktop slick-initialized"
                      dir="ltr"
                    >
                      <button
                        class="sc-dkrFOg sc-eDvSVe sc-ftTHYK jejjzI cLyatx dVnNOE slick-arrow slick-prev"
                        type="button"
                      />
                      <div
                        class="slick-list"
                      >
                        <div
                          class="slick-track"
                          style="opacity: 1; transform: translate3d(0px, 0px, 0px);"
                        >
                          <div
                            aria-hidden="true"
                            class="slick-slide slick-cloned"
                            data-index="-1"
                            style="width: 0px;"
                            tabindex="-1"
                          />
                          <div
                            aria-hidden="false"
                            class="slick-slide slick-active slick-current"
                            data-index="0"
                            style="outline: none; width: 0px;"
                            tabindex="-1"
                          >
                            <div>
                              <figure
                                aria-labelledby=":r6:"
                                class="relative "
                                id="details_cover_image"
                                role="figure"
                              >
                                <img
                                  alt="Lorem ipsum"
                                  class="overflow-hidden size-full object-cover object-center"
                                  id=":r7:"
                                  loading="lazy"
                                  src="https://cdn.pixabay.com/photo/2017/06/29/18/40/background-2455710_400.jpg"
                                />
                                <figcaption
                                  id=":r6:"
                                >
                                  <span
                                    class="w-full h-12 desktop:h-40
  absolute top-0 flex items-start justify-center
  pb-1 pt-3 px-2
  bg-gradient-to-b from-blackSemiTransparent to-transparent
  text-white text-opacity-90 text-Mobile-C3 desktop:text-P2"
                                  >
                                    <span
                                      class="mx-10percent px-10percent truncate"
                                    >
                                      Lorem ipsum - Lorem ipsum
                                    </span>
                                  </span>
                                  <button
                                    aria-describedby=":r7:"
                                    class="absolute inset-0 size-full"
                                    type="button"
                                  >
                                    <span
                                      class="sr-only"
                                    >
                                      Voir l'image en plein écran
                                    </span>
                                  </button>
                                </figcaption>
                              </figure>
                            </div>
                          </div>
                          <div
                            aria-hidden="true"
                            class="slick-slide"
                            data-index="1"
                            style="outline: none; width: 0px;"
                            tabindex="-1"
                          />
                          <div
                            aria-hidden="true"
                            class="slick-slide slick-cloned"
                            data-index="2"
                            style="width: 0px;"
                            tabindex="-1"
                          >
                            <div>
                              <figure
                                aria-labelledby=":r8:"
                                class="relative "
                                id="details_cover_image"
                                role="figure"
                              >
                                <img
                                  alt="Lorem ipsum"
                                  class="overflow-hidden size-full object-cover object-center"
                                  id=":r9:"
                                  loading="lazy"
                                  src="https://cdn.pixabay.com/photo/2017/06/29/18/40/background-2455710_400.jpg"
                                />
                                <figcaption
                                  id=":r8:"
                                >
                                  <span
                                    class="w-full h-12 desktop:h-40
  absolute top-0 flex items-start justify-center
  pb-1 pt-3 px-2
  bg-gradient-to-b from-blackSemiTransparent to-transparent
  text-white text-opacity-90 text-Mobile-C3 desktop:text-P2"
                                  >
                                    <span
                                      class="mx-10percent px-10percent truncate"
                                    >
                                      Lorem ipsum - Lorem ipsum
                                    </span>
                                  </span>
                                  <button
                                    aria-describedby=":r9:"
                                    class="absolute inset-0 size-full"
                                    type="button"
                                  >
                                    <span
                                      class="sr-only"
                                    >
                                      Voir l'image en plein écran
                                    </span>
                                  </button>
                                </figcaption>
                              </figure>
                            </div>
                          </div>
                          <div
                            aria-hidden="true"
                            class="slick-slide slick-cloned"
                            data-index="3"
                            style="width: 0px;"
                            tabindex="-1"
                          />
                        </div>
                      </div>
                      <button
                        class="sc-dkrFOg sc-eDvSVe sc-iBYQkv jejjzI cLyatx fnuqjJ slick-arrow slick-next"
                        type="button"
                      />
                      <div
                        class="sc-pyfCe ewrumL slick-dots"
                      >
                        <ul>
                          <li
                            class="slick-active"
                          >
                            <button>
                              1
                            </button>
                          </li>
                          <li
                            class=""
                          >
                            <button>
                              2
                            </button>
                          </li>
                        </ul>
                      </div>
                    </div>
                  </div>
                </div>
              </div>
              <div
                class="sc-bcXHqe fomtNX absolute top-4 left-4 h-8 flex items-center rounded-full shadow-sm text-white border-2 border-white border-solid overflow-hidden bg-primary1"
              >
                <div
                  class="pr-3 whitespace-nowrap"
                >
                  Randonnée pédestre
                </div>
              </div>
            </div>
          </div>
          <div
            class="p-2 desktop:p-6"
          >
            <h3
              class="mb-1 text-Mobile-C1 desktop:text-H4 text-primary1 font-bold"
            >
              Église St Louis
            </h3>
            <div
              class="sc-jrcTuL corOBt custo-result-card-description text-greyDarkColored"
            >
              <span>
                Pour espérer apercevoir cet oiseau, partir la nuit au printemps, parcourir un grand dénivelé afin d'arriver sur son terrain de prédilection à plus de 2000 m voire 3000 m d'altitude avant le lever du jour et là, entendre le chant guttural caractéristique qui trahit sa présence. Mais pour le voir, il faudra bien ouvrir les yeux ou se munir d'une paire de jumelles. Et alors là, quel bonheur ! Le lagopède alpin est l'espèce arctique par excellence, menacée entre autre par le réchauffement climatique. Il fait partie des espèces à protéger dans le cœur du Parc national des Ecrins.
              </span>
            </div>
          </div>
        </div>
      </li>
    </div>
  </body>,
  "container": <div>
    <li
      class="custo-result-card relative border border-solid border-greySoft rounded-lg flex-none desktop:w-auto mx-1 desktop:mb-6 overflow-hidden hover:border-blackSemiTransparent transition-all duration-500"
    >
      <div
        class="relative overflow-hidden desktop:w-auto h-fit desktop:flex-row transition-all duration-500 desktop:h-55"
      >
        <div
          class="flex shrink-0 h-40 desktop:float-left desktop:min-h-55 desktop:h-full desktop:w-2/5 pr-2 desktop:pr-6"
        >
          <div
            class="w-full"
          >
            <div
              class="relative bg-dark h-full"
            >
              <div
                class="flex items-center justify-center size-full"
              >
                <div
                  class="size-full"
                >
                  <div
                    class="slick-slider sc-gswNZR bnUQbR relative h-coverDetailsMobile desktop:h-coverDetailsDesktop slick-initialized"
                    dir="ltr"
                  >
                    <button
                      class="sc-dkrFOg sc-eDvSVe sc-ftTHYK jejjzI cLyatx dVnNOE slick-arrow slick-prev"
                      type="button"
                    />
                    <div
                      class="slick-list"
                    >
                      <div
                        class="slick-track"
                        style="opacity: 1; transform: translate3d(0px, 0px, 0px);"
                      >
                        <div
                          aria-hidden="true"
                          class="slick-slide slick-cloned"
                          data-index="-1"
                          style="width: 0px;"
                          tabindex="-1"
                        />
                        <div
                          aria-hidden="false"
                          class="slick-slide slick-active slick-current"
                          data-index="0"
                          style="outline: none; width: 0px;"
                          tabindex="-1"
                        >
                          <div>
                            <figure
                              aria-labelledby=":r6:"
                              class="relative "
                              id="details_cover_image"
                              role="figure"
                            >
                              <img
                                alt="Lorem ipsum"
                                class="overflow-hidden size-full object-cover object-center"
                                id=":r7:"
                                loading="lazy"
                                src="https://cdn.pixabay.com/photo/2017/06/29/18/40/background-2455710_400.jpg"
                              />
                              <figcaption
                                id=":r6:"
                              >
                                <span
                                  class="w-full h-12 desktop:h-40
  absolute top-0 flex items-start justify-center
  pb-1 pt-3 px-2
  bg-gradient-to-b from-blackSemiTransparent to-transparent
  text-white text-opacity-90 text-Mobile-C3 desktop:text-P2"
                                >
                                  <span
                                    class="mx-10percent px-10percent truncate"
                                  >
                                    Lorem ipsum - Lorem ipsum
                                  </span>
                                </span>
                                <button
                                  aria-describedby=":r7:"
                                  class="absolute inset-0 size-full"
                                  type="button"
                                >
                                  <span
                                    class="sr-only"
                                  >
                                    Voir l'image en plein écran
                                  </span>
                                </button>
                              </figcaption>
                            </figure>
                          </div>
                        </div>
                        <div
                          aria-hidden="true"
                          class="slick-slide"
                          data-index="1"
                          style="outline: none; width: 0px;"
                          tabindex="-1"
                        />
                        <div
                          aria-hidden="true"
                          class="slick-slide slick-cloned"
                          data-index="2"
                          style="width: 0px;"
                          tabindex="-1"
                        >
                          <div>
                            <figure
                              aria-labelledby=":r8:"
                              class="relative "
                              id="details_cover_image"
                              role="figure"
                            >
                              <img
                                alt="Lorem ipsum"
                                class="overflow-hidden size-full object-cover object-center"
                                id=":r9:"
                                loading="lazy"
                                src="https://cdn.pixabay.com/photo/2017/06/29/18/40/background-2455710_400.jpg"
                              />
                              <figcaption
                                id=":r8:"
                              >
                                <span
                                  class="w-full h-12 desktop:h-40
  absolute top-0 flex items-start justify-center
  pb-1 pt-3 px-2
  bg-gradient-to-b from-blackSemiTransparent to-transparent
  text-white text-opacity-90 text-Mobile-C3 desktop:text-P2"
                                >
                                  <span
                                    class="mx-10percent px-10percent truncate"
                                  >
                                    Lorem ipsum - Lorem ipsum
                                  </span>
                                </span>
                                <button
                                  aria-describedby=":r9:"
                                  class="absolute inset-0 size-full"
                                  type="button"
                                >
                                  <span
                                    class="sr-only"
                                  >
                                    Voir l'image en plein écran
                                  </span>
                                </button>
                              </figcaption>
                            </figure>
                          </div>
                        </div>
                        <div
                          aria-hidden="true"
                          class="slick-slide slick-cloned"
                          data-index="3"
                          style="width: 0px;"
                          tabindex="-1"
                        />
                      </div>
                    </div>
                    <button
                      class="sc-dkrFOg sc-eDvSVe sc-iBYQkv jejjzI cLyatx fnuqjJ slick-arrow slick-next"
                      type="button"
                    />
                    <div
                      class="sc-pyfCe ewrumL slick-dots"
                    >
                      <ul>
                        <li
                          class="slick-active"
                        >
                          <button>
                            1
                          </button>
                        </li>
                        <li
                          class=""
                        >
                          <button>
                            2
                          </button>
                        </li>
                      </ul>
                    </div>
                  </div>
                </div>
              </div>
            </div>
            <div
              class="sc-bcXHqe fomtNX absolute top-4 left-4 h-8 flex items-center rounded-full shadow-sm text-white border-2 border-white border-solid overflow-hidden bg-primary1"
            >
              <div
                class="pr-3 whitespace-nowrap"
              >
                Randonnée pédestre
              </div>
            </div>
          </div>
        </div>
        <div
          class="p-2 desktop:p-6"
        >
          <h3
            class="mb-1 text-Mobile-C1 desktop:text-H4 text-primary1 font-bold"
          >
            Église St Louis
          </h3>
          <div
            class="sc-jrcTuL corOBt custo-result-card-description text-greyDarkColored"
          >
            <span>
              Pour espérer apercevoir cet oiseau, partir la nuit au printemps, parcourir un grand dénivelé afin d'arriver sur son terrain de prédilection à plus de 2000 m voire 3000 m d'altitude avant le lever du jour et là, entendre le chant guttural caractéristique qui trahit sa présence. Mais pour le voir, il faudra bien ouvrir les yeux ou se munir d'une paire de jumelles. Et alors là, quel bonheur ! Le lagopède alpin est l'espèce arctique par excellence, menacée entre autre par le réchauffement climatique. Il fait partie des espèces à protéger dans le cœur du Parc national des Ecrins.
            </span>
          </div>
        </div>
      </div>
    </li>
  </div>,
  "debug": [Function],
  "findAllByAltText": [Function],
  "findAllByDisplayValue": [Function],
  "findAllByLabelText": [Function],
  "findAllByPlaceholderText": [Function],
  "findAllByRole": [Function],
  "findAllByTestId": [Function],
  "findAllByText": [Function],
  "findAllByTitle": [Function],
  "findByAltText": [Function],
  "findByDisplayValue": [Function],
  "findByLabelText": [Function],
  "findByPlaceholderText": [Function],
  "findByRole": [Function],
  "findByTestId": [Function],
  "findByText": [Function],
  "findByTitle": [Function],
  "getAllByAltText": [Function],
  "getAllByDisplayValue": [Function],
  "getAllByLabelText": [Function],
  "getAllByPlaceholderText": [Function],
  "getAllByRole": [Function],
  "getAllByTestId": [Function],
  "getAllByText": [Function],
  "getAllByTitle": [Function],
  "getByAltText": [Function],
  "getByDisplayValue": [Function],
  "getByLabelText": [Function],
  "getByPlaceholderText": [Function],
  "getByRole": [Function],
  "getByTestId": [Function],
  "getByText": [Function],
  "getByTitle": [Function],
  "queryAllByAltText": [Function],
  "queryAllByDisplayValue": [Function],
  "queryAllByLabelText": [Function],
  "queryAllByPlaceholderText": [Function],
  "queryAllByRole": [Function],
  "queryAllByTestId": [Function],
  "queryAllByText": [Function],
  "queryAllByTitle": [Function],
  "queryByAltText": [Function],
  "queryByDisplayValue": [Function],
  "queryByLabelText": [Function],
  "queryByPlaceholderText": [Function],
  "queryByRole": [Function],
  "queryByTestId": [Function],
  "queryByText": [Function],
  "queryByTitle": [Function],
  "rerender": [Function],
  "unmount": [Function],
}
`;
