// Jest Snapshot v1, https://goo.gl/fbAQLP

exports[`InputWithMagnifier renders correctly 1`] = `
Object {
  "asFragment": [Function],
  "baseElement": <body>
    <div>
      <form
        action="/search"
        class="flex flex-row w-full desktop:w-auto"
      >
        <label
          class="sr-only"
          for=":r0:"
        >
          Recherche
        </label>
        <input
          class="input !w-30 desktop:!w-55 h-10 desktop:h-12 !rounded-r-none !rounded-l-lg"
          id=":r0:"
          name="text"
          placeholder="Rechercher..."
          type="search"
          value=""
        />
        <button
          class="size-10 desktop:size-12 bg-primary1 rounded-r-md flex justify-center items-center active:bg-primary1-light "
          type="submit"
        >
          <svg
            aria-hidden="true"
            class="text-primary2"
            fill="none"
            height="24"
            viewBox="0 0 22 22"
            width="24"
            xmlns="http://www.w3.org/2000/svg"
          >
            <path
              d="M16 8.5a7.5 7.5 0 11-15 0 7.5 7.5 0 0115 0z"
              stroke="currentColor"
              stroke-width="2"
            />
            <path
              d="M14.164 14.25l5.586 5.586"
              stroke="currentColor"
              stroke-linecap="round"
              stroke-linejoin="round"
              stroke-width="2"
            />
          </svg>
          <span
            class="sr-only"
          >
            Recherche
          </span>
        </button>
      </form>
    </div>
  </body>,
  "container": <div>
    <form
      action="/search"
      class="flex flex-row w-full desktop:w-auto"
    >
      <label
        class="sr-only"
        for=":r0:"
      >
        Recherche
      </label>
      <input
        class="input !w-30 desktop:!w-55 h-10 desktop:h-12 !rounded-r-none !rounded-l-lg"
        id=":r0:"
        name="text"
        placeholder="Rechercher..."
        type="search"
        value=""
      />
      <button
        class="size-10 desktop:size-12 bg-primary1 rounded-r-md flex justify-center items-center active:bg-primary1-light "
        type="submit"
      >
        <svg
          aria-hidden="true"
          class="text-primary2"
          fill="none"
          height="24"
          viewBox="0 0 22 22"
          width="24"
          xmlns="http://www.w3.org/2000/svg"
        >
          <path
            d="M16 8.5a7.5 7.5 0 11-15 0 7.5 7.5 0 0115 0z"
            stroke="currentColor"
            stroke-width="2"
          />
          <path
            d="M14.164 14.25l5.586 5.586"
            stroke="currentColor"
            stroke-linecap="round"
            stroke-linejoin="round"
            stroke-width="2"
          />
        </svg>
        <span
          class="sr-only"
        >
          Recherche
        </span>
      </button>
    </form>
  </div>,
  "debug": [Function],
  "findAllByAltText": [Function],
  "findAllByDisplayValue": [Function],
  "findAllByLabelText": [Function],
  "findAllByPlaceholderText": [Function],
  "findAllByRole": [Function],
  "findAllByTestId": [Function],
  "findAllByText": [Function],
  "findAllByTitle": [Function],
  "findByAltText": [Function],
  "findByDisplayValue": [Function],
  "findByLabelText": [Function],
  "findByPlaceholderText": [Function],
  "findByRole": [Function],
  "findByTestId": [Function],
  "findByText": [Function],
  "findByTitle": [Function],
  "getAllByAltText": [Function],
  "getAllByDisplayValue": [Function],
  "getAllByLabelText": [Function],
  "getAllByPlaceholderText": [Function],
  "getAllByRole": [Function],
  "getAllByTestId": [Function],
  "getAllByText": [Function],
  "getAllByTitle": [Function],
  "getByAltText": [Function],
  "getByDisplayValue": [Function],
  "getByLabelText": [Function],
  "getByPlaceholderText": [Function],
  "getByRole": [Function],
  "getByTestId": [Function],
  "getByText": [Function],
  "getByTitle": [Function],
  "queryAllByAltText": [Function],
  "queryAllByDisplayValue": [Function],
  "queryAllByLabelText": [Function],
  "queryAllByPlaceholderText": [Function],
  "queryAllByRole": [Function],
  "queryAllByTestId": [Function],
  "queryAllByText": [Function],
  "queryAllByTitle": [Function],
  "queryByAltText": [Function],
  "queryByDisplayValue": [Function],
  "queryByLabelText": [Function],
  "queryByPlaceholderText": [Function],
  "queryByRole": [Function],
  "queryByTestId": [Function],
  "queryByText": [Function],
  "queryByTitle": [Function],
  "rerender": [Function],
  "unmount": [Function],
}
`;
