// Jest Snapshot v1, https://goo.gl/fbAQLP

exports[`Results Card AAU, I can see a ResultCard 1`] = `
Object {
  "asFragment": [Function],
  "baseElement": <body>
    <div>
      <div
        class="custo-result-card flex flex-auto flex-col items-stretch border border-solid border-greySoft hover:border-blackSemiTransparent transition rounded-xl overflow-hidden desktop:flex-row"
        id="result_card"
      >
        <div
          class="relative bg-dark"
        >
          <div
            class="flex items-center justify-center size-full"
          >
            <div
              class="size-full"
            >
              <div
                class="size-full grow relative desktop:w-resultCardDesktop"
              >
                <span
                  class=""
                >
                  <div
                    class="relative h-full "
                    id="details_cover_image"
                  >
                    <img
                      alt=""
                      class="object-cover object-center overflow-hidden size-full"
                      crossorigin="anonymous"
                      id=":r1:"
                      loading="lazy"
                      src="/test.jpg"
                    />
                    <a
                      class="absolute inset-0"
                      href="/details-2-Balade-au-pays-des-menhirs"
                    />
                  </div>
                </span>
              </div>
            </div>
          </div>
        </div>
        <a
          class="text-primary1 hover:text-primary3 focus:text-primary3 transition-colors w-full"
          data-testid="Link-ResultCard-2"
          href="/details-2-Balade-au-pays-des-menhirs"
        >
          <div
            class="flex w-full p-4 desktop:p-6"
          >
            <div
              class="flex flex-col w-full"
            >
              <span
                class="text-greyDarkColored text-sm"
              >
                Saint-Etienne-du-Valdonnez
              </span>
              <h3
                class="mt-1 text-ellipsis overflow-hidden whitespace-nowrap font-bold text-2xl color-primary1 desktop:text-clip desktop:whitespace-normal"
              >
                Balade au pays des menhirs
              </h3>
              <div
                class="mt-2 desktop:mt-4 flex flex-wrap gap-2 desktop:gap-4"
              >
                <div
                  class="py-1 px-2 rounded-full text-primary3 bg-primary2 text-sm desktop:text-base"
                >
                  <span>
                    En famille
                  </span>
                </div>
                <div
                  class="py-1 px-2 rounded-full text-primary3 bg-primary2 text-sm desktop:text-base"
                >
                  <span>
                    Ciel étoilé
                  </span>
                </div>
                <div
                  class="py-1 px-2 rounded-full text-primary3 bg-primary2 text-sm desktop:text-base"
                >
                  <span>
                    Beau paysage
                  </span>
                </div>
              </div>
              <ul
                class="mt-4 flex flex-wrap gap-2 desktop:gap-4"
              >
                <li>
                  <div
                    class="flex items-center text-primary1 text-sm"
                  >
                    <img
                      alt=""
                      class="object-cover object-center size-6"
                      data-nimg="1"
                      decoding="async"
                      height="24"
                      loading="lazy"
                      src="/_next/image?url=%2Fdifficulty.jpg&w=48&q=75"
                      srcset="/_next/image?url=%2Fdifficulty.jpg&w=32&q=75 1x, /_next/image?url=%2Fdifficulty.jpg&w=48&q=75 2x"
                      style="color: transparent;"
                      width="24"
                    />
                    <span
                      class="ml-2 text-greyDarkColored"
                    >
                      Difficile
                    </span>
                  </div>
                </li>
                <li>
                  <div
                    class="flex items-center text-primary1 text-sm"
                  >
                    <svg
                      fill="none"
                      height="24"
                      viewBox="0 0 24 24"
                      width="24"
                      xmlns="http://www.w3.org/2000/svg"
                    >
                      <path
                        clip-rule="evenodd"
                        d="M12 22c5.523 0 10-4.477 10-10S17.523 2 12 2 2 6.477 2 12s4.477 10 10 10z"
                        stroke="currentColor"
                        stroke-linecap="round"
                        stroke-linejoin="round"
                        stroke-width="2"
                      />
                      <path
                        d="M12 6v6l4 2"
                        stroke="currentColor"
                        stroke-linecap="round"
                        stroke-linejoin="round"
                        stroke-width="2"
                      />
                    </svg>
                    <span
                      class="ml-2 text-greyDarkColored"
                    >
                      2h
                    </span>
                  </div>
                </li>
                <li>
                  <div
                    class="flex items-center text-primary1 text-sm"
                  >
                    <svg
                      fill="none"
                      height="24"
                      viewBox="0 0 24 25"
                      width="24"
                      xmlns="http://www.w3.org/2000/svg"
                    >
                      <path
                        d="M16 18l6-6-6-6M8 6l-6 6 6 6"
                        stroke="currentColor"
                        stroke-linecap="round"
                        stroke-linejoin="round"
                        stroke-width="2"
                      />
                    </svg>
                    <span
                      class="ml-2 text-greyDarkColored"
                    >
                      5km
                    </span>
                  </div>
                </li>
                <li>
                  <div
                    class="flex items-center text-primary1 text-sm"
                  >
                    <svg
                      fill="none"
                      height="24"
                      viewBox="0 0 24 25"
                      width="24"
                      xmlns="http://www.w3.org/2000/svg"
                    >
                      <path
                        d="M23 6l-9.5 9.5-5-5L1 18"
                        stroke="currentColor"
                        stroke-linecap="round"
                        stroke-linejoin="round"
                        stroke-width="2"
                      />
                      <path
                        d="M17 6h6v6"
                        stroke="currentColor"
                        stroke-linecap="round"
                        stroke-linejoin="round"
                        stroke-width="2"
                      />
                    </svg>
                    <span
                      class="ml-2 text-greyDarkColored"
                    >
                      +360m
                    </span>
                  </div>
                </li>
              </ul>
            </div>
          </div>
        </a>
      </div>
    </div>
  </body>,
  "container": <div>
    <div
      class="custo-result-card flex flex-auto flex-col items-stretch border border-solid border-greySoft hover:border-blackSemiTransparent transition rounded-xl overflow-hidden desktop:flex-row"
      id="result_card"
    >
      <div
        class="relative bg-dark"
      >
        <div
          class="flex items-center justify-center size-full"
        >
          <div
            class="size-full"
          >
            <div
              class="size-full grow relative desktop:w-resultCardDesktop"
            >
              <span
                class=""
              >
                <div
                  class="relative h-full "
                  id="details_cover_image"
                >
                  <img
                    alt=""
                    class="object-cover object-center overflow-hidden size-full"
                    crossorigin="anonymous"
                    id=":r1:"
                    loading="lazy"
                    src="/test.jpg"
                  />
                  <a
                    class="absolute inset-0"
                    href="/details-2-Balade-au-pays-des-menhirs"
                  />
                </div>
              </span>
            </div>
          </div>
        </div>
      </div>
      <a
        class="text-primary1 hover:text-primary3 focus:text-primary3 transition-colors w-full"
        data-testid="Link-ResultCard-2"
        href="/details-2-Balade-au-pays-des-menhirs"
      >
        <div
          class="flex w-full p-4 desktop:p-6"
        >
          <div
            class="flex flex-col w-full"
          >
            <span
              class="text-greyDarkColored text-sm"
            >
              Saint-Etienne-du-Valdonnez
            </span>
            <h3
              class="mt-1 text-ellipsis overflow-hidden whitespace-nowrap font-bold text-2xl color-primary1 desktop:text-clip desktop:whitespace-normal"
            >
              Balade au pays des menhirs
            </h3>
            <div
              class="mt-2 desktop:mt-4 flex flex-wrap gap-2 desktop:gap-4"
            >
              <div
                class="py-1 px-2 rounded-full text-primary3 bg-primary2 text-sm desktop:text-base"
              >
                <span>
                  En famille
                </span>
              </div>
              <div
                class="py-1 px-2 rounded-full text-primary3 bg-primary2 text-sm desktop:text-base"
              >
                <span>
                  Ciel étoilé
                </span>
              </div>
              <div
                class="py-1 px-2 rounded-full text-primary3 bg-primary2 text-sm desktop:text-base"
              >
                <span>
                  Beau paysage
                </span>
              </div>
            </div>
            <ul
              class="mt-4 flex flex-wrap gap-2 desktop:gap-4"
            >
              <li>
                <div
                  class="flex items-center text-primary1 text-sm"
                >
                  <img
                    alt=""
                    class="object-cover object-center size-6"
                    data-nimg="1"
                    decoding="async"
                    height="24"
                    loading="lazy"
                    src="/_next/image?url=%2Fdifficulty.jpg&w=48&q=75"
                    srcset="/_next/image?url=%2Fdifficulty.jpg&w=32&q=75 1x, /_next/image?url=%2Fdifficulty.jpg&w=48&q=75 2x"
                    style="color: transparent;"
                    width="24"
                  />
                  <span
                    class="ml-2 text-greyDarkColored"
                  >
                    Difficile
                  </span>
                </div>
              </li>
              <li>
                <div
                  class="flex items-center text-primary1 text-sm"
                >
                  <svg
                    fill="none"
                    height="24"
                    viewBox="0 0 24 24"
                    width="24"
                    xmlns="http://www.w3.org/2000/svg"
                  >
                    <path
                      clip-rule="evenodd"
                      d="M12 22c5.523 0 10-4.477 10-10S17.523 2 12 2 2 6.477 2 12s4.477 10 10 10z"
                      stroke="currentColor"
                      stroke-linecap="round"
                      stroke-linejoin="round"
                      stroke-width="2"
                    />
                    <path
                      d="M12 6v6l4 2"
                      stroke="currentColor"
                      stroke-linecap="round"
                      stroke-linejoin="round"
                      stroke-width="2"
                    />
                  </svg>
                  <span
                    class="ml-2 text-greyDarkColored"
                  >
                    2h
                  </span>
                </div>
              </li>
              <li>
                <div
                  class="flex items-center text-primary1 text-sm"
                >
                  <svg
                    fill="none"
                    height="24"
                    viewBox="0 0 24 25"
                    width="24"
                    xmlns="http://www.w3.org/2000/svg"
                  >
                    <path
                      d="M16 18l6-6-6-6M8 6l-6 6 6 6"
                      stroke="currentColor"
                      stroke-linecap="round"
                      stroke-linejoin="round"
                      stroke-width="2"
                    />
                  </svg>
                  <span
                    class="ml-2 text-greyDarkColored"
                  >
                    5km
                  </span>
                </div>
              </li>
              <li>
                <div
                  class="flex items-center text-primary1 text-sm"
                >
                  <svg
                    fill="none"
                    height="24"
                    viewBox="0 0 24 25"
                    width="24"
                    xmlns="http://www.w3.org/2000/svg"
                  >
                    <path
                      d="M23 6l-9.5 9.5-5-5L1 18"
                      stroke="currentColor"
                      stroke-linecap="round"
                      stroke-linejoin="round"
                      stroke-width="2"
                    />
                    <path
                      d="M17 6h6v6"
                      stroke="currentColor"
                      stroke-linecap="round"
                      stroke-linejoin="round"
                      stroke-width="2"
                    />
                  </svg>
                  <span
                    class="ml-2 text-greyDarkColored"
                  >
                    +360m
                  </span>
                </div>
              </li>
            </ul>
          </div>
        </div>
      </a>
    </div>
  </div>,
  "debug": [Function],
  "findAllByAltText": [Function],
  "findAllByDisplayValue": [Function],
  "findAllByLabelText": [Function],
  "findAllByPlaceholderText": [Function],
  "findAllByRole": [Function],
  "findAllByTestId": [Function],
  "findAllByText": [Function],
  "findAllByTitle": [Function],
  "findByAltText": [Function],
  "findByDisplayValue": [Function],
  "findByLabelText": [Function],
  "findByPlaceholderText": [Function],
  "findByRole": [Function],
  "findByTestId": [Function],
  "findByText": [Function],
  "findByTitle": [Function],
  "getAllByAltText": [Function],
  "getAllByDisplayValue": [Function],
  "getAllByLabelText": [Function],
  "getAllByPlaceholderText": [Function],
  "getAllByRole": [Function],
  "getAllByTestId": [Function],
  "getAllByText": [Function],
  "getAllByTitle": [Function],
  "getByAltText": [Function],
  "getByDisplayValue": [Function],
  "getByLabelText": [Function],
  "getByPlaceholderText": [Function],
  "getByRole": [Function],
  "getByTestId": [Function],
  "getByText": [Function],
  "getByTitle": [Function],
  "queryAllByAltText": [Function],
  "queryAllByDisplayValue": [Function],
  "queryAllByLabelText": [Function],
  "queryAllByPlaceholderText": [Function],
  "queryAllByRole": [Function],
  "queryAllByTestId": [Function],
  "queryAllByText": [Function],
  "queryAllByTitle": [Function],
  "queryByAltText": [Function],
  "queryByDisplayValue": [Function],
  "queryByLabelText": [Function],
  "queryByPlaceholderText": [Function],
  "queryByRole": [Function],
  "queryByTestId": [Function],
  "queryByText": [Function],
  "queryByTitle": [Function],
  "rerender": [Function],
  "unmount": [Function],
}
`;
