// Jest Snapshot v1, https://goo.gl/fbAQLP

exports[`Results Card AAU, I can see a ResultCard 1`] = `
Object {
  "asFragment": [Function],
  "baseElement": <body>
    <div>
      <a
        class="flex flex-col desktop:flex-row my-4 desktop:my-6 desktop:h-50 rounded-resultCard overflow-hidden border border-greySoft border-solid cursor-pointer hover:shadow-sm transition-all"
        data-testid="Link-ResultCard-2"
        href="/details-2-Balade-au-pays-des-menhirs"
      >
        <div
          class="relative flex-none desktop:w-2/5"
        >
          <img
            class="object-cover object-center h-30 desktop:h-full w-full bg-primary2"
            src=""
          />
          <div
            class="ActivityBadge__Container-enmhze-0 cPRDZQ absolute top-4 left-4 bg-primary1"
          />
        </div>
        <div
          class="flex flex-col p-4 desktop:p-6 w-full overflow-auto"
        >
          <div
            class="flex justify-between"
          >
            <span
              class="text-Mobile-C2 desktop:text-P1 truncate"
            >
              Saint-Etienne-du-Valdonnez
            </span>
            <div
              class="ml-4 hidden desktop:block"
            >
              <button
                class="flex items-center
      py-1 px-4
      border border-solid border-primary1 rounded-button
      text-primary1 font-semibold bg-white
      hover:shadow-button hover:text-primary1-light hover:border-primary1-light cursor-pointer focus:outline-none transition-all duration-300
      h-9"
              >
                Réserver
              </button>
            </div>
          </div>
          <span
            class="text-Mobile-H1 desktop:H4 text-primary1 font-bold truncate desktop:relative -top-2"
          >
            Balade au pays des menhirs
          </span>
          <div
            class="flex flex-wrap"
          >
            <div
              class="rounded-chip py-1 px-2
      bg-primary2 text-primary3
      text-Mobile-C2 desktop:text-P1
      mt-2 desktop:mt-4 mr-2 desktop:mr-4"
            >
              <span>
                En famille
              </span>
            </div>
            <div
              class="rounded-chip py-1 px-2
      bg-primary2 text-primary3
      text-Mobile-C2 desktop:text-P1
      mt-2 desktop:mt-4 mr-2 desktop:mr-4"
            >
              <span>
                Ciel étoilé
              </span>
            </div>
            <div
              class="rounded-chip py-1 px-2
      bg-primary2 text-primary3
      text-Mobile-C2 desktop:text-P1
      mt-2 desktop:mt-4 mr-2 desktop:mr-4"
            >
              <span>
                Beau paysage
              </span>
            </div>
          </div>
          <div
            class="flex flex-wrap"
          >
            <div
              class="flex items-center text-primary1 mr-6 mt-3 desktop:mt-4 text-primary1 "
            >
              <span
                class="BaseInformation__InformationText-sc-1yqfii-0 rjjqA"
              />
            </div>
            <div
              class="flex items-center text-primary1 mr-6 mt-3 desktop:mt-4 text-primary1 "
            >
              <svg
                fill="none"
                height="24"
                viewBox="0 0 24 24"
                width="24"
                xmlns="http://www.w3.org/2000/svg"
              >
                <path
                  clip-rule="evenodd"
                  d="M12 22c5.523 0 10-4.477 10-10S17.523 2 12 2 2 6.477 2 12s4.477 10 10 10z"
                  stroke="currentColor"
                  stroke-linecap="round"
                  stroke-linejoin="round"
                  stroke-width="2"
                />
                <path
                  d="M12 6v6l4 2"
                  stroke="currentColor"
                  stroke-linecap="round"
                  stroke-linejoin="round"
                  stroke-width="2"
                />
              </svg>
              <span
                class="BaseInformation__InformationText-sc-1yqfii-0 rjjqA"
              >
                2h
              </span>
            </div>
            <div
              class="flex items-center text-primary1 mr-6 mt-3 desktop:mt-4 text-primary1 "
            >
              <svg
                fill="none"
                height="24"
                viewBox="0 0 24 25"
                width="24"
                xmlns="http://www.w3.org/2000/svg"
              >
                <path
                  d="M16 18l6-6-6-6M8 6l-6 6 6 6"
                  stroke="currentColor"
                  stroke-linecap="round"
                  stroke-linejoin="round"
                  stroke-width="2"
                />
              </svg>
              <span
                class="BaseInformation__InformationText-sc-1yqfii-0 rjjqA"
              >
                5km
              </span>
            </div>
            <div
              class="flex items-center text-primary1 mr-6 mt-3 desktop:mt-4 text-primary1 desktop:flex hidden "
            >
              <svg
                fill="none"
                height="24"
                viewBox="0 0 24 25"
                width="24"
                xmlns="http://www.w3.org/2000/svg"
              >
                <path
                  d="M23 6l-9.5 9.5-5-5L1 18"
                  stroke="currentColor"
                  stroke-linecap="round"
                  stroke-linejoin="round"
                  stroke-width="2"
                />
                <path
                  d="M17 6h6v6"
                  stroke="currentColor"
                  stroke-linecap="round"
                  stroke-linejoin="round"
                  stroke-width="2"
                />
              </svg>
              <span
                class="BaseInformation__InformationText-sc-1yqfii-0 rjjqA"
              >
                +360m
              </span>
            </div>
          </div>
        </div>
      </a>
    </div>
  </body>,
  "container": <div>
    <a
      class="flex flex-col desktop:flex-row my-4 desktop:my-6 desktop:h-50 rounded-resultCard overflow-hidden border border-greySoft border-solid cursor-pointer hover:shadow-sm transition-all"
      data-testid="Link-ResultCard-2"
      href="/details-2-Balade-au-pays-des-menhirs"
    >
      <div
        class="relative flex-none desktop:w-2/5"
      >
        <img
          class="object-cover object-center h-30 desktop:h-full w-full bg-primary2"
          src=""
        />
        <div
          class="ActivityBadge__Container-enmhze-0 cPRDZQ absolute top-4 left-4 bg-primary1"
        />
      </div>
      <div
        class="flex flex-col p-4 desktop:p-6 w-full overflow-auto"
      >
        <div
          class="flex justify-between"
        >
          <span
            class="text-Mobile-C2 desktop:text-P1 truncate"
          >
            Saint-Etienne-du-Valdonnez
          </span>
          <div
            class="ml-4 hidden desktop:block"
          >
            <button
              class="flex items-center
      py-1 px-4
      border border-solid border-primary1 rounded-button
      text-primary1 font-semibold bg-white
      hover:shadow-button hover:text-primary1-light hover:border-primary1-light cursor-pointer focus:outline-none transition-all duration-300
      h-9"
            >
              Réserver
            </button>
          </div>
        </div>
        <span
          class="text-Mobile-H1 desktop:H4 text-primary1 font-bold truncate desktop:relative -top-2"
        >
          Balade au pays des menhirs
        </span>
        <div
          class="flex flex-wrap"
        >
          <div
            class="rounded-chip py-1 px-2
      bg-primary2 text-primary3
      text-Mobile-C2 desktop:text-P1
      mt-2 desktop:mt-4 mr-2 desktop:mr-4"
          >
            <span>
              En famille
            </span>
          </div>
          <div
            class="rounded-chip py-1 px-2
      bg-primary2 text-primary3
      text-Mobile-C2 desktop:text-P1
      mt-2 desktop:mt-4 mr-2 desktop:mr-4"
          >
            <span>
              Ciel étoilé
            </span>
          </div>
          <div
            class="rounded-chip py-1 px-2
      bg-primary2 text-primary3
      text-Mobile-C2 desktop:text-P1
      mt-2 desktop:mt-4 mr-2 desktop:mr-4"
          >
            <span>
              Beau paysage
            </span>
          </div>
        </div>
        <div
          class="flex flex-wrap"
        >
          <div
            class="flex items-center text-primary1 mr-6 mt-3 desktop:mt-4 text-primary1 "
          >
            <span
              class="BaseInformation__InformationText-sc-1yqfii-0 rjjqA"
            />
          </div>
          <div
            class="flex items-center text-primary1 mr-6 mt-3 desktop:mt-4 text-primary1 "
          >
            <svg
              fill="none"
              height="24"
              viewBox="0 0 24 24"
              width="24"
              xmlns="http://www.w3.org/2000/svg"
            >
              <path
                clip-rule="evenodd"
                d="M12 22c5.523 0 10-4.477 10-10S17.523 2 12 2 2 6.477 2 12s4.477 10 10 10z"
                stroke="currentColor"
                stroke-linecap="round"
                stroke-linejoin="round"
                stroke-width="2"
              />
              <path
                d="M12 6v6l4 2"
                stroke="currentColor"
                stroke-linecap="round"
                stroke-linejoin="round"
                stroke-width="2"
              />
            </svg>
            <span
              class="BaseInformation__InformationText-sc-1yqfii-0 rjjqA"
            >
              2h
            </span>
          </div>
          <div
            class="flex items-center text-primary1 mr-6 mt-3 desktop:mt-4 text-primary1 "
          >
            <svg
              fill="none"
              height="24"
              viewBox="0 0 24 25"
              width="24"
              xmlns="http://www.w3.org/2000/svg"
            >
              <path
                d="M16 18l6-6-6-6M8 6l-6 6 6 6"
                stroke="currentColor"
                stroke-linecap="round"
                stroke-linejoin="round"
                stroke-width="2"
              />
            </svg>
            <span
              class="BaseInformation__InformationText-sc-1yqfii-0 rjjqA"
            >
              5km
            </span>
          </div>
          <div
            class="flex items-center text-primary1 mr-6 mt-3 desktop:mt-4 text-primary1 desktop:flex hidden "
          >
            <svg
              fill="none"
              height="24"
              viewBox="0 0 24 25"
              width="24"
              xmlns="http://www.w3.org/2000/svg"
            >
              <path
                d="M23 6l-9.5 9.5-5-5L1 18"
                stroke="currentColor"
                stroke-linecap="round"
                stroke-linejoin="round"
                stroke-width="2"
              />
              <path
                d="M17 6h6v6"
                stroke="currentColor"
                stroke-linecap="round"
                stroke-linejoin="round"
                stroke-width="2"
              />
            </svg>
            <span
              class="BaseInformation__InformationText-sc-1yqfii-0 rjjqA"
            >
              +360m
            </span>
          </div>
        </div>
      </div>
    </a>
  </div>,
  "debug": [Function],
  "findAllByAltText": [Function],
  "findAllByDisplayValue": [Function],
  "findAllByLabelText": [Function],
  "findAllByPlaceholderText": [Function],
  "findAllByRole": [Function],
  "findAllByTestId": [Function],
  "findAllByText": [Function],
  "findAllByTitle": [Function],
  "findByAltText": [Function],
  "findByDisplayValue": [Function],
  "findByLabelText": [Function],
  "findByPlaceholderText": [Function],
  "findByRole": [Function],
  "findByTestId": [Function],
  "findByText": [Function],
  "findByTitle": [Function],
  "getAllByAltText": [Function],
  "getAllByDisplayValue": [Function],
  "getAllByLabelText": [Function],
  "getAllByPlaceholderText": [Function],
  "getAllByRole": [Function],
  "getAllByTestId": [Function],
  "getAllByText": [Function],
  "getAllByTitle": [Function],
  "getByAltText": [Function],
  "getByDisplayValue": [Function],
  "getByLabelText": [Function],
  "getByPlaceholderText": [Function],
  "getByRole": [Function],
  "getByTestId": [Function],
  "getByText": [Function],
  "getByTitle": [Function],
  "queryAllByAltText": [Function],
  "queryAllByDisplayValue": [Function],
  "queryAllByLabelText": [Function],
  "queryAllByPlaceholderText": [Function],
  "queryAllByRole": [Function],
  "queryAllByTestId": [Function],
  "queryAllByText": [Function],
  "queryAllByTitle": [Function],
  "queryByAltText": [Function],
  "queryByDisplayValue": [Function],
  "queryByLabelText": [Function],
  "queryByPlaceholderText": [Function],
  "queryByRole": [Function],
  "queryByTestId": [Function],
  "queryByText": [Function],
  "queryByTitle": [Function],
  "rerender": [Function],
  "unmount": [Function],
}
`;
