// Jest Snapshot v1, https://goo.gl/fbAQLP

exports[`BannerCarousel should render correctly 1`] = `
Object {
  "asFragment": [Function],
  "baseElement": <body>
    <div>
      <div
        data-testid="carousel"
        id="banner_carousel"
      >
        <div
          class="slick-slider h-bannerSectionMobile desktop:h-bannerSectionDesktop w-full slick-initialized"
          dir="ltr"
        >
          <button
            class="!py-20 !px-5 !h-full desktop:!py-40 desktop:!px-12 !flex justify-center items-end transition size-7 !opacity-100 z-10 desktop:before:!text-3xl textShadowOnImage slick-arrow slick-prev !left-0"
            type="button"
          >
            <span
              class="sr-only"
            >
              Image précédente
            </span>
          </button>
          <div
            class="slick-list"
          >
            <div
              class="slick-track"
              style="opacity: 1; transform: translate3d(0px, 0px, 0px);"
            >
              <div
                aria-hidden="true"
                class="slick-slide slick-cloned"
                data-index="-1"
                style="width: 0px;"
                tabindex="-1"
              >
                <div>
                  <img
                    alt=""
                    class="object-cover object-top overflow-hidden h-bannerSectionMobile desktop:h-bannerSectionDesktop w-full"
                    crossorigin="anonymous"
                    loading="lazy"
                    src="photoB.jpg"
                    style="width: 100%; display: inline-block;"
                    tabindex="-1"
                  />
                </div>
              </div>
              <div
                aria-hidden="false"
                class="slick-slide slick-active slick-current"
                data-index="0"
                style="outline: none; width: 0px;"
                tabindex="-1"
              >
                <div>
                  <img
                    alt=""
                    class="object-cover object-top overflow-hidden h-bannerSectionMobile desktop:h-bannerSectionDesktop w-full"
                    crossorigin="anonymous"
                    loading="eager"
                    src="photoA.jpg"
                    style="width: 100%; display: inline-block;"
                    tabindex="-1"
                  />
                </div>
              </div>
              <div
                aria-hidden="true"
                class="slick-slide"
                data-index="1"
                style="outline: none; width: 0px;"
                tabindex="-1"
              >
                <div>
                  <img
                    alt=""
                    class="object-cover object-top overflow-hidden h-bannerSectionMobile desktop:h-bannerSectionDesktop w-full"
                    crossorigin="anonymous"
                    loading="lazy"
                    src="photoB.jpg"
                    style="width: 100%; display: inline-block;"
                    tabindex="-1"
                  />
                </div>
              </div>
              <div
                aria-hidden="true"
                class="slick-slide slick-cloned"
                data-index="2"
                style="width: 0px;"
                tabindex="-1"
              >
                <div>
                  <img
                    alt=""
                    class="object-cover object-top overflow-hidden h-bannerSectionMobile desktop:h-bannerSectionDesktop w-full"
                    crossorigin="anonymous"
                    loading="eager"
                    src="photoA.jpg"
                    style="width: 100%; display: inline-block;"
                    tabindex="-1"
                  />
                </div>
              </div>
              <div
                aria-hidden="true"
                class="slick-slide slick-cloned"
                data-index="3"
                style="width: 0px;"
                tabindex="-1"
              >
                <div>
                  <img
                    alt=""
                    class="object-cover object-top overflow-hidden h-bannerSectionMobile desktop:h-bannerSectionDesktop w-full"
                    crossorigin="anonymous"
                    loading="lazy"
                    src="photoB.jpg"
                    style="width: 100%; display: inline-block;"
                    tabindex="-1"
                  />
                </div>
              </div>
            </div>
          </div>
          <button
            class="!py-20 !px-5 !h-full desktop:!py-40 desktop:!px-12 !flex justify-center items-end transition size-7 !opacity-100 z-10 desktop:before:!text-3xl textShadowOnImage slick-arrow slick-next !right-0"
            type="button"
          >
            <span
              class="sr-only"
            >
              Image suivante
            </span>
          </button>
        </div>
      </div>
    </div>
  </body>,
  "container": <div>
    <div
      data-testid="carousel"
      id="banner_carousel"
    >
      <div
        class="slick-slider h-bannerSectionMobile desktop:h-bannerSectionDesktop w-full slick-initialized"
        dir="ltr"
      >
        <button
          class="!py-20 !px-5 !h-full desktop:!py-40 desktop:!px-12 !flex justify-center items-end transition size-7 !opacity-100 z-10 desktop:before:!text-3xl textShadowOnImage slick-arrow slick-prev !left-0"
          type="button"
        >
          <span
            class="sr-only"
          >
            Image précédente
          </span>
        </button>
        <div
          class="slick-list"
        >
          <div
            class="slick-track"
            style="opacity: 1; transform: translate3d(0px, 0px, 0px);"
          >
            <div
              aria-hidden="true"
              class="slick-slide slick-cloned"
              data-index="-1"
              style="width: 0px;"
              tabindex="-1"
            >
              <div>
                <img
                  alt=""
                  class="object-cover object-top overflow-hidden h-bannerSectionMobile desktop:h-bannerSectionDesktop w-full"
                  crossorigin="anonymous"
                  loading="lazy"
                  src="photoB.jpg"
                  style="width: 100%; display: inline-block;"
                  tabindex="-1"
                />
              </div>
            </div>
            <div
              aria-hidden="false"
              class="slick-slide slick-active slick-current"
              data-index="0"
              style="outline: none; width: 0px;"
              tabindex="-1"
            >
              <div>
                <img
                  alt=""
                  class="object-cover object-top overflow-hidden h-bannerSectionMobile desktop:h-bannerSectionDesktop w-full"
                  crossorigin="anonymous"
                  loading="eager"
                  src="photoA.jpg"
                  style="width: 100%; display: inline-block;"
                  tabindex="-1"
                />
              </div>
            </div>
            <div
              aria-hidden="true"
              class="slick-slide"
              data-index="1"
              style="outline: none; width: 0px;"
              tabindex="-1"
            >
              <div>
                <img
                  alt=""
                  class="object-cover object-top overflow-hidden h-bannerSectionMobile desktop:h-bannerSectionDesktop w-full"
                  crossorigin="anonymous"
                  loading="lazy"
                  src="photoB.jpg"
                  style="width: 100%; display: inline-block;"
                  tabindex="-1"
                />
              </div>
            </div>
            <div
              aria-hidden="true"
              class="slick-slide slick-cloned"
              data-index="2"
              style="width: 0px;"
              tabindex="-1"
            >
              <div>
                <img
                  alt=""
                  class="object-cover object-top overflow-hidden h-bannerSectionMobile desktop:h-bannerSectionDesktop w-full"
                  crossorigin="anonymous"
                  loading="eager"
                  src="photoA.jpg"
                  style="width: 100%; display: inline-block;"
                  tabindex="-1"
                />
              </div>
            </div>
            <div
              aria-hidden="true"
              class="slick-slide slick-cloned"
              data-index="3"
              style="width: 0px;"
              tabindex="-1"
            >
              <div>
                <img
                  alt=""
                  class="object-cover object-top overflow-hidden h-bannerSectionMobile desktop:h-bannerSectionDesktop w-full"
                  crossorigin="anonymous"
                  loading="lazy"
                  src="photoB.jpg"
                  style="width: 100%; display: inline-block;"
                  tabindex="-1"
                />
              </div>
            </div>
          </div>
        </div>
        <button
          class="!py-20 !px-5 !h-full desktop:!py-40 desktop:!px-12 !flex justify-center items-end transition size-7 !opacity-100 z-10 desktop:before:!text-3xl textShadowOnImage slick-arrow slick-next !right-0"
          type="button"
        >
          <span
            class="sr-only"
          >
            Image suivante
          </span>
        </button>
      </div>
    </div>
  </div>,
  "debug": [Function],
  "findAllByAltText": [Function],
  "findAllByDisplayValue": [Function],
  "findAllByLabelText": [Function],
  "findAllByPlaceholderText": [Function],
  "findAllByRole": [Function],
  "findAllByTestId": [Function],
  "findAllByText": [Function],
  "findAllByTitle": [Function],
  "findByAltText": [Function],
  "findByDisplayValue": [Function],
  "findByLabelText": [Function],
  "findByPlaceholderText": [Function],
  "findByRole": [Function],
  "findByTestId": [Function],
  "findByText": [Function],
  "findByTitle": [Function],
  "getAllByAltText": [Function],
  "getAllByDisplayValue": [Function],
  "getAllByLabelText": [Function],
  "getAllByPlaceholderText": [Function],
  "getAllByRole": [Function],
  "getAllByTestId": [Function],
  "getAllByText": [Function],
  "getAllByTitle": [Function],
  "getByAltText": [Function],
  "getByDisplayValue": [Function],
  "getByLabelText": [Function],
  "getByPlaceholderText": [Function],
  "getByRole": [Function],
  "getByTestId": [Function],
  "getByText": [Function],
  "getByTitle": [Function],
  "queryAllByAltText": [Function],
  "queryAllByDisplayValue": [Function],
  "queryAllByLabelText": [Function],
  "queryAllByPlaceholderText": [Function],
  "queryAllByRole": [Function],
  "queryAllByTestId": [Function],
  "queryAllByText": [Function],
  "queryAllByTitle": [Function],
  "queryByAltText": [Function],
  "queryByDisplayValue": [Function],
  "queryByLabelText": [Function],
  "queryByPlaceholderText": [Function],
  "queryByRole": [Function],
  "queryByTestId": [Function],
  "queryByText": [Function],
  "queryByTitle": [Function],
  "rerender": [Function],
  "unmount": [Function],
}
`;
