// Jest Snapshot v1, https://goo.gl/fbAQLP

exports[`DetailsTrekFamilyCarousel should display a DetailsTrekFamilyCarousel 1`] = `
Object {
  "asFragment": [Function],
  "baseElement": <body>
    <div>
      <div
        class="slick-slider my-1.5 !flex items-center desktop:my-3 slick-initialized"
        dir="ltr"
      >
        <button
          class="flex justify-center items-center transition size-7 disabled:opacity-50"
          disabled=""
          type="button"
        >
          <span
            aria-hidden="true"
            class="text-primary3 text-2xl desktop:text-3xl -scale-x-100"
          >
            ➜
          </span>
          <span
            class="sr-only"
          >
            Étape précédente
          </span>
        </button>
        <div
          class="slick-list"
        >
          <div
            class="slick-track"
            style="opacity: 1; transform: translate3d(0px, 0px, 0px);"
          >
            <div
              aria-hidden="false"
              class="slick-slide slick-active slick-current"
              data-index="0"
              style="outline: none; width: 0px;"
              tabindex="-1"
            >
              <div>
                <a
                  class="hover:text-primary3 focus:text-primary3 transition-colors my-1 block truncate px-2 desktop:px-4 py-2 mx-2p desktop:mx-1.5 text-P3 desktop:text-P1 border border-solid rounded-full hover:shadow-sm focus:shadow-sm border-greySoft text-primary3 bg-white"
                  href="/trek/596-Boucle-de-malade?parentId=501"
                >
                  1
                  . 
                  Boucle de malade
                </a>
              </div>
            </div>
            <div
              aria-hidden="false"
              class="slick-slide slick-active"
              data-index="1"
              style="outline: none; width: 0px;"
              tabindex="-1"
            >
              <div>
                <a
                  class="text-primary1 hover:text-primary3 focus:text-primary3 transition-colors my-1 block truncate px-2 desktop:px-4 py-2 mx-2p desktop:mx-1.5 text-P3 desktop:text-P1 border border-solid rounded-full hover:shadow-sm focus:shadow-sm border-primary1 !text-white bg-primary1"
                  href="/trek/604-Deuxieme-etape?parentId=501"
                >
                  2
                  . 
                  Deuxième étape
                </a>
              </div>
            </div>
            <div
              aria-hidden="false"
              class="slick-slide slick-active"
              data-index="2"
              style="outline: none; width: 0px;"
              tabindex="-1"
            >
              <div>
                <a
                  class="hover:text-primary3 focus:text-primary3 transition-colors my-1 block truncate px-2 desktop:px-4 py-2 mx-2p desktop:mx-1.5 text-P3 desktop:text-P1 border border-solid rounded-full hover:shadow-sm focus:shadow-sm border-greySoft text-primary3 bg-white"
                  href="/trek/2-Troisieme-etape?parentId=501"
                >
                  3
                  . 
                  Troisième étape
                </a>
              </div>
            </div>
            <div
              aria-hidden="true"
              class="slick-slide"
              data-index="3"
              style="outline: none; width: 0px;"
              tabindex="-1"
            >
              <div>
                <a
                  class="hover:text-primary3 focus:text-primary3 transition-colors my-1 block truncate px-2 desktop:px-4 py-2 mx-2p desktop:mx-1.5 text-P3 desktop:text-P1 border border-solid rounded-full hover:shadow-sm focus:shadow-sm border-greySoft text-primary3 bg-white"
                  href="/trek/4-Quatrieme-etape?parentId=501"
                >
                  4
                  . 
                  Quatrième étape
                </a>
              </div>
            </div>
            <div
              aria-hidden="true"
              class="slick-slide"
              data-index="4"
              style="outline: none; width: 0px;"
              tabindex="-1"
            >
              <div>
                <a
                  class="hover:text-primary3 focus:text-primary3 transition-colors my-1 block truncate px-2 desktop:px-4 py-2 mx-2p desktop:mx-1.5 text-P3 desktop:text-P1 border border-solid rounded-full hover:shadow-sm focus:shadow-sm border-greySoft text-primary3 bg-white"
                  href="/trek/5-Encore-une-etape?parentId=501"
                >
                  5
                  . 
                  Encore une étape
                </a>
              </div>
            </div>
            <div
              aria-hidden="true"
              class="slick-slide"
              data-index="5"
              style="outline: none; width: 0px;"
              tabindex="-1"
            >
              <div>
                <a
                  class="hover:text-primary3 focus:text-primary3 transition-colors my-1 block truncate px-2 desktop:px-4 py-2 mx-2p desktop:mx-1.5 text-P3 desktop:text-P1 border border-solid rounded-full hover:shadow-sm focus:shadow-sm border-greySoft text-primary3 bg-white"
                  href="/trek/6-C-est-la-fin-!?parentId=501"
                >
                  6
                  . 
                  C'est la fin !
                </a>
              </div>
            </div>
          </div>
        </div>
        <button
          class="flex justify-center items-center transition size-7 disabled:opacity-50"
          type="button"
        >
          <span
            aria-hidden="true"
            class="text-primary3 text-2xl desktop:text-3xl"
          >
            ➜
          </span>
          <span
            class="sr-only"
          >
            Étape suivante
          </span>
        </button>
      </div>
    </div>
  </body>,
  "container": <div>
    <div
      class="slick-slider my-1.5 !flex items-center desktop:my-3 slick-initialized"
      dir="ltr"
    >
      <button
        class="flex justify-center items-center transition size-7 disabled:opacity-50"
        disabled=""
        type="button"
      >
        <span
          aria-hidden="true"
          class="text-primary3 text-2xl desktop:text-3xl -scale-x-100"
        >
          ➜
        </span>
        <span
          class="sr-only"
        >
          Étape précédente
        </span>
      </button>
      <div
        class="slick-list"
      >
        <div
          class="slick-track"
          style="opacity: 1; transform: translate3d(0px, 0px, 0px);"
        >
          <div
            aria-hidden="false"
            class="slick-slide slick-active slick-current"
            data-index="0"
            style="outline: none; width: 0px;"
            tabindex="-1"
          >
            <div>
              <a
                class="hover:text-primary3 focus:text-primary3 transition-colors my-1 block truncate px-2 desktop:px-4 py-2 mx-2p desktop:mx-1.5 text-P3 desktop:text-P1 border border-solid rounded-full hover:shadow-sm focus:shadow-sm border-greySoft text-primary3 bg-white"
                href="/trek/596-Boucle-de-malade?parentId=501"
              >
                1
                . 
                Boucle de malade
              </a>
            </div>
          </div>
          <div
            aria-hidden="false"
            class="slick-slide slick-active"
            data-index="1"
            style="outline: none; width: 0px;"
            tabindex="-1"
          >
            <div>
              <a
                class="text-primary1 hover:text-primary3 focus:text-primary3 transition-colors my-1 block truncate px-2 desktop:px-4 py-2 mx-2p desktop:mx-1.5 text-P3 desktop:text-P1 border border-solid rounded-full hover:shadow-sm focus:shadow-sm border-primary1 !text-white bg-primary1"
                href="/trek/604-Deuxieme-etape?parentId=501"
              >
                2
                . 
                Deuxième étape
              </a>
            </div>
          </div>
          <div
            aria-hidden="false"
            class="slick-slide slick-active"
            data-index="2"
            style="outline: none; width: 0px;"
            tabindex="-1"
          >
            <div>
              <a
                class="hover:text-primary3 focus:text-primary3 transition-colors my-1 block truncate px-2 desktop:px-4 py-2 mx-2p desktop:mx-1.5 text-P3 desktop:text-P1 border border-solid rounded-full hover:shadow-sm focus:shadow-sm border-greySoft text-primary3 bg-white"
                href="/trek/2-Troisieme-etape?parentId=501"
              >
                3
                . 
                Troisième étape
              </a>
            </div>
          </div>
          <div
            aria-hidden="true"
            class="slick-slide"
            data-index="3"
            style="outline: none; width: 0px;"
            tabindex="-1"
          >
            <div>
              <a
                class="hover:text-primary3 focus:text-primary3 transition-colors my-1 block truncate px-2 desktop:px-4 py-2 mx-2p desktop:mx-1.5 text-P3 desktop:text-P1 border border-solid rounded-full hover:shadow-sm focus:shadow-sm border-greySoft text-primary3 bg-white"
                href="/trek/4-Quatrieme-etape?parentId=501"
              >
                4
                . 
                Quatrième étape
              </a>
            </div>
          </div>
          <div
            aria-hidden="true"
            class="slick-slide"
            data-index="4"
            style="outline: none; width: 0px;"
            tabindex="-1"
          >
            <div>
              <a
                class="hover:text-primary3 focus:text-primary3 transition-colors my-1 block truncate px-2 desktop:px-4 py-2 mx-2p desktop:mx-1.5 text-P3 desktop:text-P1 border border-solid rounded-full hover:shadow-sm focus:shadow-sm border-greySoft text-primary3 bg-white"
                href="/trek/5-Encore-une-etape?parentId=501"
              >
                5
                . 
                Encore une étape
              </a>
            </div>
          </div>
          <div
            aria-hidden="true"
            class="slick-slide"
            data-index="5"
            style="outline: none; width: 0px;"
            tabindex="-1"
          >
            <div>
              <a
                class="hover:text-primary3 focus:text-primary3 transition-colors my-1 block truncate px-2 desktop:px-4 py-2 mx-2p desktop:mx-1.5 text-P3 desktop:text-P1 border border-solid rounded-full hover:shadow-sm focus:shadow-sm border-greySoft text-primary3 bg-white"
                href="/trek/6-C-est-la-fin-!?parentId=501"
              >
                6
                . 
                C'est la fin !
              </a>
            </div>
          </div>
        </div>
      </div>
      <button
        class="flex justify-center items-center transition size-7 disabled:opacity-50"
        type="button"
      >
        <span
          aria-hidden="true"
          class="text-primary3 text-2xl desktop:text-3xl"
        >
          ➜
        </span>
        <span
          class="sr-only"
        >
          Étape suivante
        </span>
      </button>
    </div>
  </div>,
  "debug": [Function],
  "findAllByAltText": [Function],
  "findAllByDisplayValue": [Function],
  "findAllByLabelText": [Function],
  "findAllByPlaceholderText": [Function],
  "findAllByRole": [Function],
  "findAllByTestId": [Function],
  "findAllByText": [Function],
  "findAllByTitle": [Function],
  "findByAltText": [Function],
  "findByDisplayValue": [Function],
  "findByLabelText": [Function],
  "findByPlaceholderText": [Function],
  "findByRole": [Function],
  "findByTestId": [Function],
  "findByText": [Function],
  "findByTitle": [Function],
  "getAllByAltText": [Function],
  "getAllByDisplayValue": [Function],
  "getAllByLabelText": [Function],
  "getAllByPlaceholderText": [Function],
  "getAllByRole": [Function],
  "getAllByTestId": [Function],
  "getAllByText": [Function],
  "getAllByTitle": [Function],
  "getByAltText": [Function],
  "getByDisplayValue": [Function],
  "getByLabelText": [Function],
  "getByPlaceholderText": [Function],
  "getByRole": [Function],
  "getByTestId": [Function],
  "getByText": [Function],
  "getByTitle": [Function],
  "queryAllByAltText": [Function],
  "queryAllByDisplayValue": [Function],
  "queryAllByLabelText": [Function],
  "queryAllByPlaceholderText": [Function],
  "queryAllByRole": [Function],
  "queryAllByTestId": [Function],
  "queryAllByText": [Function],
  "queryAllByTitle": [Function],
  "queryByAltText": [Function],
  "queryByDisplayValue": [Function],
  "queryByLabelText": [Function],
  "queryByPlaceholderText": [Function],
  "queryByRole": [Function],
  "queryByTestId": [Function],
  "queryByText": [Function],
  "queryByTitle": [Function],
  "rerender": [Function],
  "unmount": [Function],
}
`;
