// Jest Snapshot v1, https://goo.gl/fbAQLP

exports[`MapLayerTypeToggleButton renders correctly 1`] = `
Object {
  "asFragment": [Function],
  "baseElement": <body>
    <div>
      <div
        data-testid="MapContainer"
      >
        <div
          class="leaflet-control-container"
          position="bottomleft"
        >
          <button
            class="leaflet-toggleLayer"
            type="button"
          >
            <div
              class="size-12 relative overflow-hidden shadow-md rounded-medium border-2 border-solid border-white"
            >
              <img
                alt=""
                class="object-cover size-full rounded-medium"
                data-nimg="1"
                decoding="async"
                height="44"
                loading="lazy"
                src="/_next/image?url=%2Fimages%2Fsatellite-toggle-button-image.png&w=96&q=75"
                srcset="/_next/image?url=%2Fimages%2Fsatellite-toggle-button-image.png&w=48&q=75 1x, /_next/image?url=%2Fimages%2Fsatellite-toggle-button-image.png&w=96&q=75 2x"
                style="color: transparent;"
                width="44"
              />
              <span
                class="font-bold text-white text-CTA text-center w-full absolute bottom-1 left-0 right-0 z-text"
              >
                Satellite
              </span>
            </div>
          </button>
        </div>
      </div>
    </div>
  </body>,
  "container": <div>
    <div
      data-testid="MapContainer"
    >
      <div
        class="leaflet-control-container"
        position="bottomleft"
      >
        <button
          class="leaflet-toggleLayer"
          type="button"
        >
          <div
            class="size-12 relative overflow-hidden shadow-md rounded-medium border-2 border-solid border-white"
          >
            <img
              alt=""
              class="object-cover size-full rounded-medium"
              data-nimg="1"
              decoding="async"
              height="44"
              loading="lazy"
              src="/_next/image?url=%2Fimages%2Fsatellite-toggle-button-image.png&w=96&q=75"
              srcset="/_next/image?url=%2Fimages%2Fsatellite-toggle-button-image.png&w=48&q=75 1x, /_next/image?url=%2Fimages%2Fsatellite-toggle-button-image.png&w=96&q=75 2x"
              style="color: transparent;"
              width="44"
            />
            <span
              class="font-bold text-white text-CTA text-center w-full absolute bottom-1 left-0 right-0 z-text"
            >
              Satellite
            </span>
          </div>
        </button>
      </div>
    </div>
  </div>,
  "debug": [Function],
  "findAllByAltText": [Function],
  "findAllByDisplayValue": [Function],
  "findAllByLabelText": [Function],
  "findAllByPlaceholderText": [Function],
  "findAllByRole": [Function],
  "findAllByTestId": [Function],
  "findAllByText": [Function],
  "findAllByTitle": [Function],
  "findByAltText": [Function],
  "findByDisplayValue": [Function],
  "findByLabelText": [Function],
  "findByPlaceholderText": [Function],
  "findByRole": [Function],
  "findByTestId": [Function],
  "findByText": [Function],
  "findByTitle": [Function],
  "getAllByAltText": [Function],
  "getAllByDisplayValue": [Function],
  "getAllByLabelText": [Function],
  "getAllByPlaceholderText": [Function],
  "getAllByRole": [Function],
  "getAllByTestId": [Function],
  "getAllByText": [Function],
  "getAllByTitle": [Function],
  "getByAltText": [Function],
  "getByDisplayValue": [Function],
  "getByLabelText": [Function],
  "getByPlaceholderText": [Function],
  "getByRole": [Function],
  "getByTestId": [Function],
  "getByText": [Function],
  "getByTitle": [Function],
  "queryAllByAltText": [Function],
  "queryAllByDisplayValue": [Function],
  "queryAllByLabelText": [Function],
  "queryAllByPlaceholderText": [Function],
  "queryAllByRole": [Function],
  "queryAllByTestId": [Function],
  "queryAllByText": [Function],
  "queryAllByTitle": [Function],
  "queryByAltText": [Function],
  "queryByDisplayValue": [Function],
  "queryByLabelText": [Function],
  "queryByPlaceholderText": [Function],
  "queryByRole": [Function],
  "queryByTestId": [Function],
  "queryByText": [Function],
  "queryByTitle": [Function],
  "rerender": [Function],
  "unmount": [Function],
}
`;
